// Jest Snapshot v1, https://goo.gl/fbAQLP

exports[`GenericBanner renders 1`] = `
<DocumentFragment>
  .c5 {
  -webkit-flex: none;
  -ms-flex: none;
  flex: none;
  line-height: 1;
  margin-top: -2px;
  margin-right: 8px;
  width: 24px;
}

.c6 {
  outline: none;
}

.c0 {
  font-family: 'Montserrat','Helvetica Neue',Helvetica,Arial,sans-serif;
  line-height: 1.4;
  font-weight: 500;
}

.c0 * {
  box-sizing: border-box;
}

.c8 {
  font-size: 14px;
}

.c2 {
  background-color: #0a0;
  color: #fff;
  border-radius: 6px;
  text-align: left;
}

.c7 {
  text-align: left;
  width: 100%;
}

.c10 {
  padding-left: 8px;
  padding-right: 8px;
}

.c1 {
  position: relative;
}

.c4 {
  display: -webkit-box;
  display: -webkit-flex;
  display: -ms-flexbox;
  display: flex;
  -webkit-box-pack: justify;
  -webkit-justify-content: space-between;
  -ms-flex-pack: justify;
  justify-content: space-between;
  -webkit-align-items: flex-start;
  -webkit-box-align: flex-start;
  -ms-flex-align: flex-start;
  align-items: flex-start;
}

.c9 {
  display: -webkit-box;
  display: -webkit-flex;
  display: -ms-flexbox;
  display: flex;
  -webkit-align-items: center;
  -webkit-box-align: center;
  -ms-flex-align: center;
  align-items: center;
  -webkit-box-pack: center;
  -webkit-justify-content: center;
  -ms-flex-pack: center;
  justify-content: center;
}

.c3 {
  cursor: cursor;
}

<div
    class="c0"
  >
    <div
      class="c1"
    >
      <div
        class="c2 c3"
        color="text.lightest"
      >
        <div
          class="c4"
        >
          <svg
            aria-hidden="true"
            class="c5 c6"
            fill="currentcolor"
            focusable="false"
            height="24"
            role="img"
            size="24"
            tabindex="-1"
            viewBox="0 0 24 24"
            width="24"
            xmlns="http://www.w3.org/2000/svg"
          >
            <path
              d="M12 2C6.5 2 2 6.5 2 12s4.5 10 10 10 10-4.5 10-10S17.5 2 12 2zm-1.7 14.5L6 12.2 7.2 11l3.1 3.1 6.5-6.5L18 8.8l-7.7 7.7z"
            />
          </svg>
          <div
            class="c7"
            width="1"
          >
            <span
              class="c8"
              font-size="1"
            />
            <div
              class="c9"
            >
              <div
                class="c10"
              />
            </div>
          </div>
        </div>
      </div>
    </div>
  </div>
</DocumentFragment>
`;
