// Jest Snapshot v1, https://goo.gl/fbAQLP

exports[`ToggleBadge selected ToggleBadge renders with default props 1`] = `
.c0 {
  border-radius: 2px;
  border: 0;
  display: inline-block;
  font-weight: 700;
  font-family: inherit;
  cursor: pointer;
  background-color: #e8f2ff;
  color: #0068ef;
  border-radius: 9999px;
  padding-left: 8px;
  padding-right: 8px;
  padding-top: 4px;
  padding-bottom: 4px;
  margin-left: 4px;
  margin-right: 4px;
  margin-top: 4px;
  margin-bottom: 4px;
  font-size: 12px;
}

.c0:hover {
  background-color: #e8f2ff;
}

<button
  className="c0"
  color="primary"
  fontSize={0}
  selected={true}
/>
`;

exports[`ToggleBadge selected one with background-color and text color passed as props hover state 1`] = `
.c0 {
  border-radius: 2px;
  border: 0;
  display: inline-block;
  font-weight: 700;
  font-family: inherit;
  cursor: pointer;
  background-color: #ecf7ec;
  color: #c00;
  font-size: 14px;
  border-radius: 9999px;
  padding-left: 8px;
  padding-right: 8px;
  padding-top: 4px;
  padding-bottom: 4px;
  margin-left: 4px;
  margin-right: 4px;
  margin-top: 4px;
  margin-bottom: 4px;
}

.c0:hover {
  background-color: #ecf7ec;
}

<button
  className="c0"
  color="error"
  fontSize={1}
  selected={true}
/>
`;

exports[`ToggleBadge unselected ToggleBadge renders with default props 1`] = `
.c0 {
  border-radius: 2px;
  border: 0;
  display: inline-block;
  font-weight: 700;
  font-family: inherit;
  cursor: pointer;
  background-color: transparent;
  color: #0068ef;
  border-radius: 9999px;
  padding-left: 8px;
  padding-right: 8px;
  padding-top: 4px;
  padding-bottom: 4px;
  margin-left: 4px;
  margin-right: 4px;
  margin-top: 4px;
  margin-bottom: 4px;
  font-size: 12px;
}

.c0:hover {
  background-color: #e8f2ff;
}

<button
  className="c0"
  color="primary"
  fontSize={0}
  selected={false}
/>
`;
