// Jest Snapshot v1, https://goo.gl/fbAQLP

exports[`Radio Disabled, rendering 1`] = `
<DocumentFragment>
  .c0 {
  font-family: 'Montserrat','Helvetica Neue',Helvetica,Arial,sans-serif;
  line-height: 1.4;
  font-weight: 500;
}

.c0 * {
  box-sizing: border-box;
}

.c3 {
  -webkit-flex: none;
  -ms-flex: none;
  flex: none;
  line-height: 1;
  width: 28px;
}

.c4 {
  outline: none;
}

.c1 {
  display: inline-block;
  color: #4f6f8f;
  cursor: not-allowed;
}

.c2 {
  -webkit-appearance: none;
  -moz-appearance: none;
  appearance: none;
  opacity: 0;
  position: absolute;
  z-index: 0;
}

.c2 ~ svg {
  border: 1px solid transparent;
  border-radius: 50%;
  padding: 2px;
}

.c2:focus {
  box-shadow: none;
}

.c2:focus ~ svg {
  border: 1px solid #c0cad5;
  background-color: #f4f6f8;
}

.c2:checked ~ svg {
  color: #0068ef;
}

.c2:disabled ~ svg {
  color: #c0cad5;
  cursor: not-allowed;
}

.c5 {
  vertical-align: middle;
}

<div
    class="c0"
  >
    <div
      class="c1"
      color="primary"
      data-name="disabled"
      disabled=""
    >
      <input
        class="c2"
        color="primary"
        disabled=""
        size="24"
        type="radio"
      />
      <svg
        aria-hidden="true"
        class="c3 c4 c5"
        fill="currentcolor"
        focusable="false"
        height="28"
        role="img"
        size="28"
        tabindex="-1"
        viewBox="0 0 24 24"
        width="28"
        xmlns="http://www.w3.org/2000/svg"
      >
        <path
          d="M12 2C6.5 2 2 6.5 2 12s4.5 10 10 10 10-4.5 10-10S17.5 2 12 2zm0 18c-4.4 0-8-3.6-8-8s3.6-8 8-8 8 3.6 8 8-3.6 8-8 8z"
        />
      </svg>
    </div>
  </div>
</DocumentFragment>
`;

exports[`Radio Not Selected, rendering 1`] = `
<DocumentFragment>
  .c0 {
  font-family: 'Montserrat','Helvetica Neue',Helvetica,Arial,sans-serif;
  line-height: 1.4;
  font-weight: 500;
}

.c0 * {
  box-sizing: border-box;
}

.c3 {
  -webkit-flex: none;
  -ms-flex: none;
  flex: none;
  line-height: 1;
  width: 28px;
}

.c4 {
  outline: none;
}

.c1 {
  display: inline-block;
  color: #4f6f8f;
  cursor: pointer;
}

.c1:hover > svg {
  color: #0068ef;
}

.c2 {
  -webkit-appearance: none;
  -moz-appearance: none;
  appearance: none;
  opacity: 0;
  position: absolute;
  z-index: 0;
}

.c2 ~ svg {
  border: 1px solid transparent;
  border-radius: 50%;
  padding: 2px;
}

.c2:focus {
  box-shadow: none;
}

.c2:focus ~ svg {
  border: 1px solid #c0cad5;
  background-color: #f4f6f8;
}

.c2:checked ~ svg {
  color: #0068ef;
}

.c2:disabled ~ svg {
  color: #c0cad5;
  cursor: not-allowed;
}

.c5 {
  vertical-align: middle;
}

<div
    class="c0"
  >
    <div
      class="c1"
      color="primary"
      data-name="unchecked"
    >
      <input
        class="c2"
        color="primary"
        size="24"
        type="radio"
      />
      <svg
        aria-hidden="true"
        class="c3 c4 c5"
        fill="currentcolor"
        focusable="false"
        height="28"
        role="img"
        size="28"
        tabindex="-1"
        viewBox="0 0 24 24"
        width="28"
        xmlns="http://www.w3.org/2000/svg"
      >
        <path
          d="M12 2C6.5 2 2 6.5 2 12s4.5 10 10 10 10-4.5 10-10S17.5 2 12 2zm0 18c-4.4 0-8-3.6-8-8s3.6-8 8-8 8 3.6 8 8-3.6 8-8 8z"
        />
      </svg>
    </div>
  </div>
</DocumentFragment>
`;

exports[`Radio Selected, rendering 1`] = `
<DocumentFragment>
  .c0 {
  font-family: 'Montserrat','Helvetica Neue',Helvetica,Arial,sans-serif;
  line-height: 1.4;
  font-weight: 500;
}

.c0 * {
  box-sizing: border-box;
}

.c3 {
  -webkit-flex: none;
  -ms-flex: none;
  flex: none;
  line-height: 1;
  width: 28px;
}

.c4 {
  outline: none;
}

.c1 {
  display: inline-block;
  color: #4f6f8f;
  cursor: pointer;
}

.c1:hover > svg {
  color: #049 !important;
}

.c2 {
  -webkit-appearance: none;
  -moz-appearance: none;
  appearance: none;
  opacity: 0;
  position: absolute;
  z-index: 0;
}

.c2 ~ svg {
  border: 1px solid transparent;
  border-radius: 50%;
  padding: 2px;
}

.c2:focus {
  box-shadow: none;
}

.c2:focus ~ svg {
  border: 1px solid #c0cad5;
  background-color: #f4f6f8;
}

.c2:checked ~ svg {
  color: #0068ef;
}

.c2:disabled ~ svg {
  color: #c0cad5;
  cursor: not-allowed;
}

.c5 {
  vertical-align: middle;
}

<div
    class="c0"
  >
    <div
      class="c1"
      color="primary"
      data-name="checked"
    >
      <input
        checked=""
        class="c2"
        color="primary"
        size="24"
        type="radio"
      />
      <svg
        aria-hidden="true"
        class="c3 c4 c5"
        fill="currentcolor"
        focusable="false"
        height="28"
        role="img"
        size="28"
        tabindex="-1"
        viewBox="0 0 24 24"
        width="28"
        xmlns="http://www.w3.org/2000/svg"
      >
        <path
          d="M12 7c-2.8 0-5 2.2-5 5s2.2 5 5 5 5-2.2 5-5-2.2-5-5-5zm0-5C6.5 2 2 6.5 2 12s4.5 10 10 10 10-4.5 10-10S17.5 2 12 2zm0 18c-4.4 0-8-3.6-8-8s3.6-8 8-8 8 3.6 8 8-3.6 8-8 8z"
        />
      </svg>
    </div>
  </div>
</DocumentFragment>
`;
