// Jest Snapshot v1, https://goo.gl/fbAQLP

exports[`FloatingActionButton it renders 1`] = `
<DocumentFragment>
  .c5 {
  -webkit-flex: none;
  -ms-flex: none;
  flex: none;
  line-height: 1;
  width: 24px;
  margin-right: 0px;
}

.c6 {
  outline: none;
}

.c0 {
  font-family: 'Montserrat','Helvetica Neue',Helvetica,Arial,sans-serif;
  line-height: 1.4;
  font-weight: 500;
}

.c0 * {
  box-sizing: border-box;
}

.c1 {
  position: absolute;
}

.c4 {
  display: -webkit-box;
  display: -webkit-flex;
  display: -ms-flexbox;
  display: flex;
  -webkit-align-items: center;
  -webkit-box-align: center;
  -ms-flex-align: center;
  align-items: center;
  -webkit-box-pack: center;
  -webkit-justify-content: center;
  -ms-flex-pack: center;
  justify-content: center;
}

.c2 {
  -webkit-font-smoothing: antialiased;
  display: inline-block;
  vertical-align: middle;
  text-align: center;
  -webkit-text-decoration: none;
  text-decoration: none;
  font-family: inherit;
  font-weight: 700;
  line-height: 1.5;
  cursor: pointer;
  border-radius: 9999px;
  border-width: 0;
  border-style: solid;
  border-radius: 9999px;
  font-size: 16px;
  padding: 16px 22px;
  background-color: #0068ef;
  color: #fff;
  box-shadow: 0 -1px 0 0 rgba(0,0,0,0.03),0 4px 16px 0 rgba(0,0,0,0.2),0 4px 16px -4px rgba(0,0,0,0.2),0 12px 24px -2px rgba(0,0,0,0.2);
  padding-left: 16px;
  padding-right: 16px;
  padding-top: 16px;
  padding-bottom: 16px;
}

.c2:disabled {
  cursor: not-allowed;
  color: #879db3;
  background-color: #edf0f3;
}

.c2:hover {
  background-color: #049;
  color: #fff;
}

.c2:focus-visible {
  outline: 0px solid #049;
  box-shadow: 0 0 0 2px #049;
}

.c3:hover {
  box-shadow: 0 -1px 0 0 rgba(0,0,0,0.03),0 8px 32px 0 rgba(0,0,0,0.24),0 8px 16px 0 rgba(0,0,0,0.2),0 24px 64px 0 rgba(0,0,0,0.2);
}

<div
    class="c0"
  >
    <div
      class="c1"
    >
      <button
        class="c2 c3"
        color="primary"
      >
        <div
          class="c4"
        >
          <svg
            aria-hidden="true"
            class="c5 c6"
            fill="currentcolor"
            focusable="false"
            height="24"
            role="img"
            tabindex="-1"
            viewBox="0 -960 960 960"
            width="24"
            xmlns="http://www.w3.org/2000/svg"
          >
            <path
              d="M240-200v20q0 25-17.5 42.5T180-120q-25 0-42.5-17.5T120-180v-286q0-7 1-14t3-13l75-213q8-24 29-39t47-15h410q26 0 47 15t29 39l75 213q2 6 3 13t1 14v286q0 25-17.5 42.5T780-120q-25 0-42.5-17.5T720-180v-20H240zm-8-360h496l-42-120H274l-42 120zm-32 80v200-200zm100 160q25 0 42.5-17.5T360-380q0-25-17.5-42.5T300-440q-25 0-42.5 17.5T240-380q0 25 17.5 42.5T300-320zm360 0q25 0 42.5-17.5T720-380q0-25-17.5-42.5T660-440q-25 0-42.5 17.5T600-380q0 25 17.5 42.5T660-320zm-460 40h560v-200H200v200z"
            />
          </svg>
        </div>
      </button>
    </div>
  </div>
</DocumentFragment>
`;
