// Jest Snapshot v1, https://goo.gl/fbAQLP

exports[`Heading Heading component with h1-h6 dot-notation 1`] = `
<DocumentFragment>
  .c0 {
  font-family: 'Montserrat','Helvetica Neue',Helvetica,Arial,sans-serif;
  line-height: 1.4;
  font-weight: 500;
}

.c0 * {
  box-sizing: border-box;
}

<div
    class="c0"
  >
    <h1
      class=""
    />
  </div>
</DocumentFragment>
`;

exports[`Heading Heading component with h1-h6 dot-notation 2`] = `
<DocumentFragment>
  .c0 {
  font-family: 'Montserrat','Helvetica Neue',Helvetica,Arial,sans-serif;
  line-height: 1.4;
  font-weight: 500;
}

.c0 * {
  box-sizing: border-box;
}

<div
    class="c0"
  >
    <h2
      class=""
    />
  </div>
</DocumentFragment>
`;

exports[`Heading Heading component with h1-h6 dot-notation 3`] = `
<DocumentFragment>
  .c0 {
  font-family: 'Montserrat','Helvetica Neue',Helvetica,Arial,sans-serif;
  line-height: 1.4;
  font-weight: 500;
}

.c0 * {
  box-sizing: border-box;
}

<div
    class="c0"
  >
    <h3
      class=""
    />
  </div>
</DocumentFragment>
`;

exports[`Heading Heading component with h1-h6 dot-notation 4`] = `
<DocumentFragment>
  .c0 {
  font-family: 'Montserrat','Helvetica Neue',Helvetica,Arial,sans-serif;
  line-height: 1.4;
  font-weight: 500;
}

.c0 * {
  box-sizing: border-box;
}

<div
    class="c0"
  >
    <h4
      class=""
    />
  </div>
</DocumentFragment>
`;

exports[`Heading Heading component with h1-h6 dot-notation 5`] = `
<DocumentFragment>
  .c0 {
  font-family: 'Montserrat','Helvetica Neue',Helvetica,Arial,sans-serif;
  line-height: 1.4;
  font-weight: 500;
}

.c0 * {
  box-sizing: border-box;
}

<div
    class="c0"
  >
    <h5
      class=""
    />
  </div>
</DocumentFragment>
`;

exports[`Heading Heading component with h1-h6 dot-notation 6`] = `
<DocumentFragment>
  .c0 {
  font-family: 'Montserrat','Helvetica Neue',Helvetica,Arial,sans-serif;
  line-height: 1.4;
  font-weight: 500;
}

.c0 * {
  box-sizing: border-box;
}

<div
    class="c0"
  >
    <h6
      class=""
    />
  </div>
</DocumentFragment>
`;

exports[`Heading Heading component with no default font size, when "fontSize" prop not used 1`] = `
<DocumentFragment>
  .c0 {
  font-family: 'Montserrat','Helvetica Neue',Helvetica,Arial,sans-serif;
  line-height: 1.4;
  font-weight: 500;
}

.c0 * {
  box-sizing: border-box;
}

<div
    class="c0"
  >
    <h3
      class=""
    />
  </div>
</DocumentFragment>
`;

exports[`Heading renders 1`] = `
<DocumentFragment>
  .c0 {
  font-family: 'Montserrat','Helvetica Neue',Helvetica,Arial,sans-serif;
  line-height: 1.4;
  font-weight: 500;
}

.c0 * {
  box-sizing: border-box;
}

<div
    class="c0"
  >
    <h3
      class=""
    />
  </div>
</DocumentFragment>
`;
