// Jest Snapshot v1, https://goo.gl/fbAQLP

exports[`Label it renders 1`] = `
<DocumentFragment>
  .c0 {
  font-family: 'Montserrat','Helvetica Neue',Helvetica,Arial,sans-serif;
  line-height: 1.4;
  font-weight: 500;
}

.c0 * {
  box-sizing: border-box;
}

.c1 {
  display: block;
  width: 100%;
  margin: 0;
  z-index: 1;
  color: #4f6f8f;
  font-weight: 700;
  font-size: 10px;
  line-height: 1.4;
  -webkit-letter-spacing: 0.2px;
  -moz-letter-spacing: 0.2px;
  -ms-letter-spacing: 0.2px;
  letter-spacing: 0.2px;
}

<div
    class="c0"
  >
    <label
      class="c1"
      color="text.light"
      font-size="10px"
      font-weight="700"
      letter-spacing="0.2px"
    />
  </div>
</DocumentFragment>
`;
