// Jest Snapshot v1, https://goo.gl/fbAQLP

exports[`BlockLink renders 1`] = `
.c0 {
  cursor: pointer;
  -webkit-text-decoration: none;
  text-decoration: none;
  color: #0068ef;
}

.c0:hover {
  color: #049;
  -webkit-text-decoration: underline;
  text-decoration: underline;
}

.c1 {
  display: block;
  color: inherit;
  -webkit-text-decoration: none;
  text-decoration: none;
}

<a
  className="c0 c1"
  color="primary"
  rel={null}
  size="medium"
>
  raw text
</a>
`;
