// Jest Snapshot v1, https://goo.gl/fbAQLP

exports[`Flag renders 1`] = `
<DocumentFragment>
  .c0 {
  font-family: 'Montserrat','Helvetica Neue',Helvetica,Arial,sans-serif;
  line-height: 1.4;
  font-weight: 500;
}

.c0 * {
  box-sizing: border-box;
}

.c1 {
  margin-left: 0px;
}

.c5 {
  color: #0a0;
  width: 4px;
  margin-right: -8px;
  margin-bottom: -8px;
}

.c7 {
  background-color: #0a0;
  color: #fff;
  padding-left: 4px;
  padding-top: 4px;
  padding-bottom: 4px;
}

.c9 {
  color: #0a0;
  width: 18px;
  margin-left: -8px;
}

.c2 {
  display: -webkit-box;
  display: -webkit-flex;
  display: -ms-flexbox;
  display: flex;
}

.c6 {
  width: 8px;
  height: 8px;
  -webkit-align-self: flex-end;
  -ms-flex-item-align: end;
  align-self: flex-end;
  background-color: inherit;
  background-image: linear-gradient(45deg,transparent 50%,#060 50%);
  position: absolute;
  bottom: 0;
}

.c10 {
  -webkit-flex: none;
  -ms-flex: none;
  flex: none;
  background-color: #0a0;
  border-radius: 0 2px 2px 0;
  -webkit-transform: skew(-14deg);
  -ms-transform: skew(-14deg);
  transform: skew(-14deg);
  position: relative;
  z-index: 1;
}

.c8 {
  font-size: 12px;
  border-radius: 0 0 2px 0;
  background-color: #0a0;
  color: #fff;
  z-index: 2;
}

.c4 {
  position: relative;
}

@media screen and (min-width:32em) {
  .c1 {
    margin-left: -8px;
  }
}

@media screen and (min-width:32em) {
  .c7 {
    padding-left: 16px;
    padding-top: 8px;
    padding-bottom: 8px;
  }
}

@media screen and (max-width:31.99em) {
  .c3 {
    display: none;
  }
}

<div
    class="c0"
  >
    <div
      class="c1 c2 "
    >
      <div
        class="c3 c4"
      >
        <div
          class="c5 c6"
          color="green"
          width="4px"
        />
      </div>
      <div
        class="c7 c8"
        color="white"
      />
      <div
        class="c9 c10"
        color="green"
        width="18px"
      />
    </div>
  </div>
</DocumentFragment>
`;
