// Jest Snapshot v1, https://goo.gl/fbAQLP

exports[`TextArea it renders 1`] = `
<DocumentFragment>
  .c0 {
  font-family: 'Montserrat','Helvetica Neue',Helvetica,Arial,sans-serif;
  line-height: 1.4;
  font-weight: 500;
}

.c0 * {
  box-sizing: border-box;
}

.c1 {
  -webkit-appearance: none;
  -moz-appearance: none;
  appearance: none;
  display: block;
  width: 100%;
  font-family: inherit;
  font-size: 14px;
  color: inherit;
  background-color: transparent;
  border-radius: 12px;
  border-width: 1px;
  border-style: solid;
  padding-top: 14px;
  padding-bottom: 14px;
  padding-left: 12px;
  padding-right: 12px;
  margin: 0;
  border-color: #c0cad5;
}

.c1::-webkit-input-placeholder {
  color: #4f6f8f;
}

.c1::-moz-placeholder {
  color: #4f6f8f;
}

.c1:-ms-input-placeholder {
  color: #4f6f8f;
}

.c1::placeholder {
  color: #4f6f8f;
}

.c1::-ms-clear {
  display: none;
}

.c1:focus {
  outline: 0;
  border-color: #0068ef;
  box-shadow: 0 0 0 2px #0068ef;
}

<div
    class="c0"
  >
    <textarea
      class="c1"
      id="fake-test-id"
    />
  </div>
</DocumentFragment>
`;

exports[`TextArea it renders an input element with a really large padding and margin 1`] = `
<DocumentFragment>
  .c0 {
  font-family: 'Montserrat','Helvetica Neue',Helvetica,Arial,sans-serif;
  line-height: 1.4;
  font-weight: 500;
}

.c0 * {
  box-sizing: border-box;
}

.c1 {
  -webkit-appearance: none;
  -moz-appearance: none;
  appearance: none;
  display: block;
  width: 100%;
  font-family: inherit;
  font-size: 14px;
  color: inherit;
  background-color: transparent;
  border-radius: 12px;
  border-width: 1px;
  border-style: solid;
  padding-top: 14px;
  padding-bottom: 14px;
  padding-left: 12px;
  padding-right: 12px;
  margin: 0;
  border-color: #c0cad5;
  padding: 32px;
  margin: 32px;
}

.c1::-webkit-input-placeholder {
  color: #4f6f8f;
}

.c1::-moz-placeholder {
  color: #4f6f8f;
}

.c1:-ms-input-placeholder {
  color: #4f6f8f;
}

.c1::placeholder {
  color: #4f6f8f;
}

.c1::-ms-clear {
  display: none;
}

.c1:focus {
  outline: 0;
  border-color: #0068ef;
  box-shadow: 0 0 0 2px #0068ef;
}

<div
    class="c0"
  >
    <textarea
      class="c1"
      id="fake-test-id"
    />
  </div>
</DocumentFragment>
`;

exports[`TextArea it renders an input element with a red border with a color prop is passed 1`] = `
<DocumentFragment>
  .c0 {
  font-family: 'Montserrat','Helvetica Neue',Helvetica,Arial,sans-serif;
  line-height: 1.4;
  font-weight: 500;
}

.c0 * {
  box-sizing: border-box;
}

.c1 {
  -webkit-appearance: none;
  -moz-appearance: none;
  appearance: none;
  display: block;
  width: 100%;
  font-family: inherit;
  font-size: 14px;
  color: inherit;
  background-color: transparent;
  border-radius: 12px;
  border-width: 1px;
  border-style: solid;
  padding-top: 14px;
  padding-bottom: 14px;
  padding-left: 12px;
  padding-right: 12px;
  margin: 0;
  border-color: #c00;
}

.c1::-webkit-input-placeholder {
  color: #4f6f8f;
}

.c1::-moz-placeholder {
  color: #4f6f8f;
}

.c1:-ms-input-placeholder {
  color: #4f6f8f;
}

.c1::placeholder {
  color: #4f6f8f;
}

.c1::-ms-clear {
  display: none;
}

.c1:focus {
  outline: 0;
  border-color: #c00;
  box-shadow: 0 0 0 2px #c00;
}

<div
    class="c0"
  >
    <textarea
      class="c1"
      color="error"
      id="fake-test-id"
    />
  </div>
</DocumentFragment>
`;
