// Jest Snapshot v1, https://goo.gl/fbAQLP

exports[`Stamp bg blue sets background color 1`] = `
.c0 {
  display: -webkit-inline-box;
  display: -webkit-inline-flex;
  display: -ms-inline-flexbox;
  display: inline-flex;
  -webkit-align-items: center;
  -webkit-box-align: center;
  -ms-flex-align: center;
  align-items: center;
  vertical-align: top;
  min-height: 24px;
  text-transform: uppercase;
  -webkit-letter-spacing: 0.025em;
  -moz-letter-spacing: 0.025em;
  -ms-letter-spacing: 0.025em;
  letter-spacing: 0.025em;
  border-radius: 2px;
  border-width: 1px;
  border-style: solid;
  color: #eceff2;
  font-size: 12px;
  font-weight: 700;
  line-height: 1.25;
  -webkit-letter-spacing: 0.025em;
  -moz-letter-spacing: 0.025em;
  -ms-letter-spacing: 0.025em;
  letter-spacing: 0.025em;
  text-transform: uppercase;
  line-height: 1.4;
  min-height: 24px;
  color: #eceff2;
  border-color: #c0cad5;
  background-color: #0068ef;
  padding-left: 4px;
  padding-right: 4px;
  padding-top: 0px;
  padding-bottom: 0px;
  border-radius: 8px;
}

.c0 > svg {
  width: 14px;
  height: 14px;
}

<div
  className="c0"
  color="border.light"
  size="medium"
/>
`;

exports[`Stamp borderColor green sets border color 1`] = `
.c0 {
  display: -webkit-inline-box;
  display: -webkit-inline-flex;
  display: -ms-inline-flexbox;
  display: inline-flex;
  -webkit-align-items: center;
  -webkit-box-align: center;
  -ms-flex-align: center;
  align-items: center;
  vertical-align: top;
  min-height: 24px;
  text-transform: uppercase;
  -webkit-letter-spacing: 0.025em;
  -moz-letter-spacing: 0.025em;
  -ms-letter-spacing: 0.025em;
  letter-spacing: 0.025em;
  border-radius: 2px;
  border-width: 1px;
  border-style: solid;
  color: #eceff2;
  font-size: 12px;
  font-weight: 700;
  line-height: 1.25;
  -webkit-letter-spacing: 0.025em;
  -moz-letter-spacing: 0.025em;
  -ms-letter-spacing: 0.025em;
  letter-spacing: 0.025em;
  text-transform: uppercase;
  line-height: 1.4;
  min-height: 24px;
  color: #eceff2;
  border-color: #0a0;
  background-color: #f4f6f8;
  padding-left: 4px;
  padding-right: 4px;
  padding-top: 0px;
  padding-bottom: 0px;
  border-radius: 8px;
}

.c0 > svg {
  width: 14px;
  height: 14px;
}

<div
  className="c0"
  color="border.light"
  size="medium"
/>
`;

exports[`Stamp color blue sets text and icon color 1`] = `
.c0 {
  display: -webkit-inline-box;
  display: -webkit-inline-flex;
  display: -ms-inline-flexbox;
  display: inline-flex;
  -webkit-align-items: center;
  -webkit-box-align: center;
  -ms-flex-align: center;
  align-items: center;
  vertical-align: top;
  min-height: 24px;
  text-transform: uppercase;
  -webkit-letter-spacing: 0.025em;
  -moz-letter-spacing: 0.025em;
  -ms-letter-spacing: 0.025em;
  letter-spacing: 0.025em;
  border-radius: 2px;
  border-width: 1px;
  border-style: solid;
  color: #0068ef;
  font-size: 12px;
  font-weight: 700;
  line-height: 1.25;
  -webkit-letter-spacing: 0.025em;
  -moz-letter-spacing: 0.025em;
  -ms-letter-spacing: 0.025em;
  letter-spacing: 0.025em;
  text-transform: uppercase;
  line-height: 1.4;
  min-height: 24px;
  color: #0068ef;
  border-color: #c0cad5;
  background-color: #f4f6f8;
  padding-left: 4px;
  padding-right: 4px;
  padding-top: 0px;
  padding-bottom: 0px;
  border-radius: 8px;
}

.c0 > svg {
  width: 14px;
  height: 14px;
}

<div
  className="c0"
  color="blue"
  size="medium"
/>
`;

exports[`Stamp color gray sets text and icon color 1`] = `
.c0 {
  display: -webkit-inline-box;
  display: -webkit-inline-flex;
  display: -ms-inline-flexbox;
  display: inline-flex;
  -webkit-align-items: center;
  -webkit-box-align: center;
  -ms-flex-align: center;
  align-items: center;
  vertical-align: top;
  min-height: 24px;
  text-transform: uppercase;
  -webkit-letter-spacing: 0.025em;
  -moz-letter-spacing: 0.025em;
  -ms-letter-spacing: 0.025em;
  letter-spacing: 0.025em;
  border-radius: 2px;
  border-width: 1px;
  border-style: solid;
  color: #4f6f8f;
  font-size: 12px;
  font-weight: 700;
  line-height: 1.25;
  -webkit-letter-spacing: 0.025em;
  -moz-letter-spacing: 0.025em;
  -ms-letter-spacing: 0.025em;
  letter-spacing: 0.025em;
  text-transform: uppercase;
  line-height: 1.4;
  min-height: 24px;
  color: #4f6f8f;
  border-color: #c0cad5;
  background-color: #f4f6f8;
  padding-left: 4px;
  padding-right: 4px;
  padding-top: 0px;
  padding-bottom: 0px;
  border-radius: 8px;
}

.c0 > svg {
  width: 14px;
  height: 14px;
}

<div
  className="c0"
  color="gray"
  size="medium"
/>
`;

exports[`Stamp color green sets text and icon color 1`] = `
.c0 {
  display: -webkit-inline-box;
  display: -webkit-inline-flex;
  display: -ms-inline-flexbox;
  display: inline-flex;
  -webkit-align-items: center;
  -webkit-box-align: center;
  -ms-flex-align: center;
  align-items: center;
  vertical-align: top;
  min-height: 24px;
  text-transform: uppercase;
  -webkit-letter-spacing: 0.025em;
  -moz-letter-spacing: 0.025em;
  -ms-letter-spacing: 0.025em;
  letter-spacing: 0.025em;
  border-radius: 2px;
  border-width: 1px;
  border-style: solid;
  color: #0a0;
  font-size: 12px;
  font-weight: 700;
  line-height: 1.25;
  -webkit-letter-spacing: 0.025em;
  -moz-letter-spacing: 0.025em;
  -ms-letter-spacing: 0.025em;
  letter-spacing: 0.025em;
  text-transform: uppercase;
  line-height: 1.4;
  min-height: 24px;
  color: #0a0;
  border-color: #c0cad5;
  background-color: #f4f6f8;
  padding-left: 4px;
  padding-right: 4px;
  padding-top: 0px;
  padding-bottom: 0px;
  border-radius: 8px;
}

.c0 > svg {
  width: 14px;
  height: 14px;
}

<div
  className="c0"
  color="green"
  size="medium"
/>
`;

exports[`Stamp color orange sets text and icon color 1`] = `
.c0 {
  display: -webkit-inline-box;
  display: -webkit-inline-flex;
  display: -ms-inline-flexbox;
  display: inline-flex;
  -webkit-align-items: center;
  -webkit-box-align: center;
  -ms-flex-align: center;
  align-items: center;
  vertical-align: top;
  min-height: 24px;
  text-transform: uppercase;
  -webkit-letter-spacing: 0.025em;
  -moz-letter-spacing: 0.025em;
  -ms-letter-spacing: 0.025em;
  letter-spacing: 0.025em;
  border-radius: 2px;
  border-width: 1px;
  border-style: solid;
  color: #f06f20;
  font-size: 12px;
  font-weight: 700;
  line-height: 1.25;
  -webkit-letter-spacing: 0.025em;
  -moz-letter-spacing: 0.025em;
  -ms-letter-spacing: 0.025em;
  letter-spacing: 0.025em;
  text-transform: uppercase;
  line-height: 1.4;
  min-height: 24px;
  color: #f06f20;
  border-color: #c0cad5;
  background-color: #f4f6f8;
  padding-left: 4px;
  padding-right: 4px;
  padding-top: 0px;
  padding-bottom: 0px;
  border-radius: 8px;
}

.c0 > svg {
  width: 14px;
  height: 14px;
}

<div
  className="c0"
  color="orange"
  size="medium"
/>
`;

exports[`Stamp color purple sets text and icon color 1`] = `
.c0 {
  display: -webkit-inline-box;
  display: -webkit-inline-flex;
  display: -ms-inline-flexbox;
  display: inline-flex;
  -webkit-align-items: center;
  -webkit-box-align: center;
  -ms-flex-align: center;
  align-items: center;
  vertical-align: top;
  min-height: 24px;
  text-transform: uppercase;
  -webkit-letter-spacing: 0.025em;
  -moz-letter-spacing: 0.025em;
  -ms-letter-spacing: 0.025em;
  letter-spacing: 0.025em;
  border-radius: 2px;
  border-width: 1px;
  border-style: solid;
  color: #70b;
  font-size: 12px;
  font-weight: 700;
  line-height: 1.25;
  -webkit-letter-spacing: 0.025em;
  -moz-letter-spacing: 0.025em;
  -ms-letter-spacing: 0.025em;
  letter-spacing: 0.025em;
  text-transform: uppercase;
  line-height: 1.4;
  min-height: 24px;
  color: #70b;
  border-color: #c0cad5;
  background-color: #f4f6f8;
  padding-left: 4px;
  padding-right: 4px;
  padding-top: 0px;
  padding-bottom: 0px;
  border-radius: 8px;
}

.c0 > svg {
  width: 14px;
  height: 14px;
}

<div
  className="c0"
  color="purple"
  size="medium"
/>
`;

exports[`Stamp color red sets text and icon color 1`] = `
.c0 {
  display: -webkit-inline-box;
  display: -webkit-inline-flex;
  display: -ms-inline-flexbox;
  display: inline-flex;
  -webkit-align-items: center;
  -webkit-box-align: center;
  -ms-flex-align: center;
  align-items: center;
  vertical-align: top;
  min-height: 24px;
  text-transform: uppercase;
  -webkit-letter-spacing: 0.025em;
  -moz-letter-spacing: 0.025em;
  -ms-letter-spacing: 0.025em;
  letter-spacing: 0.025em;
  border-radius: 2px;
  border-width: 1px;
  border-style: solid;
  color: #c00;
  font-size: 12px;
  font-weight: 700;
  line-height: 1.25;
  -webkit-letter-spacing: 0.025em;
  -moz-letter-spacing: 0.025em;
  -ms-letter-spacing: 0.025em;
  letter-spacing: 0.025em;
  text-transform: uppercase;
  line-height: 1.4;
  min-height: 24px;
  color: #c00;
  border-color: #c0cad5;
  background-color: #f4f6f8;
  padding-left: 4px;
  padding-right: 4px;
  padding-top: 0px;
  padding-bottom: 0px;
  border-radius: 8px;
}

.c0 > svg {
  width: 14px;
  height: 14px;
}

<div
  className="c0"
  color="red"
  size="medium"
/>
`;

exports[`Stamp has default borderGray border color 1`] = `
.c0 {
  display: -webkit-inline-box;
  display: -webkit-inline-flex;
  display: -ms-inline-flexbox;
  display: inline-flex;
  -webkit-align-items: center;
  -webkit-box-align: center;
  -ms-flex-align: center;
  align-items: center;
  vertical-align: top;
  min-height: 24px;
  text-transform: uppercase;
  -webkit-letter-spacing: 0.025em;
  -moz-letter-spacing: 0.025em;
  -ms-letter-spacing: 0.025em;
  letter-spacing: 0.025em;
  border-radius: 2px;
  border-width: 1px;
  border-style: solid;
  color: #eceff2;
  font-size: 12px;
  font-weight: 700;
  line-height: 1.25;
  -webkit-letter-spacing: 0.025em;
  -moz-letter-spacing: 0.025em;
  -ms-letter-spacing: 0.025em;
  letter-spacing: 0.025em;
  text-transform: uppercase;
  line-height: 1.4;
  min-height: 24px;
  color: #eceff2;
  border-color: #c0cad5;
  background-color: #f4f6f8;
  padding-left: 4px;
  padding-right: 4px;
  padding-top: 0px;
  padding-bottom: 0px;
  border-radius: 8px;
}

.c0 > svg {
  width: 14px;
  height: 14px;
}

<div
  className="c0"
  color="border.light"
  size="medium"
/>
`;

exports[`Stamp renders 1`] = `
.c0 {
  display: -webkit-inline-box;
  display: -webkit-inline-flex;
  display: -ms-inline-flexbox;
  display: inline-flex;
  -webkit-align-items: center;
  -webkit-box-align: center;
  -ms-flex-align: center;
  align-items: center;
  vertical-align: top;
  min-height: 24px;
  text-transform: uppercase;
  -webkit-letter-spacing: 0.025em;
  -moz-letter-spacing: 0.025em;
  -ms-letter-spacing: 0.025em;
  letter-spacing: 0.025em;
  border-radius: 2px;
  border-width: 1px;
  border-style: solid;
  color: #eceff2;
  font-size: 12px;
  font-weight: 700;
  line-height: 1.25;
  -webkit-letter-spacing: 0.025em;
  -moz-letter-spacing: 0.025em;
  -ms-letter-spacing: 0.025em;
  letter-spacing: 0.025em;
  text-transform: uppercase;
  line-height: 1.4;
  min-height: 24px;
  color: #eceff2;
  border-color: #c0cad5;
  background-color: #f4f6f8;
  padding-left: 4px;
  padding-right: 4px;
  padding-top: 0px;
  padding-bottom: 0px;
  border-radius: 8px;
}

.c0 > svg {
  width: 14px;
  height: 14px;
}

<div
  className="c0"
  color="border.light"
  size="medium"
/>
`;

exports[`Stamp renders medium fill 1`] = `
.c0 {
  display: -webkit-inline-box;
  display: -webkit-inline-flex;
  display: -ms-inline-flexbox;
  display: inline-flex;
  -webkit-align-items: center;
  -webkit-box-align: center;
  -ms-flex-align: center;
  align-items: center;
  vertical-align: top;
  min-height: 24px;
  text-transform: uppercase;
  -webkit-letter-spacing: 0.025em;
  -moz-letter-spacing: 0.025em;
  -ms-letter-spacing: 0.025em;
  letter-spacing: 0.025em;
  border-radius: 2px;
  border-width: 1px;
  border-style: solid;
  color: #eceff2;
  font-size: 12px;
  font-weight: 700;
  line-height: 1.25;
  -webkit-letter-spacing: 0.025em;
  -moz-letter-spacing: 0.025em;
  -ms-letter-spacing: 0.025em;
  letter-spacing: 0.025em;
  text-transform: uppercase;
  line-height: 1.4;
  min-height: 24px;
  color: #001833;
  background-color: #eceff2;
  border-color: #eceff2;
  padding-left: 4px;
  padding-right: 4px;
  padding-top: 0px;
  padding-bottom: 0px;
  border-radius: 8px;
}

.c0 > svg {
  width: 14px;
  height: 14px;
}

<div
  className="c0"
  color="border.light"
  size="medium"
/>
`;

exports[`Stamp renders small fill 1`] = `
.c0 {
  display: -webkit-inline-box;
  display: -webkit-inline-flex;
  display: -ms-inline-flexbox;
  display: inline-flex;
  -webkit-align-items: center;
  -webkit-box-align: center;
  -ms-flex-align: center;
  align-items: center;
  vertical-align: top;
  min-height: 24px;
  text-transform: uppercase;
  -webkit-letter-spacing: 0.025em;
  -moz-letter-spacing: 0.025em;
  -ms-letter-spacing: 0.025em;
  letter-spacing: 0.025em;
  border-radius: 2px;
  border-width: 1px;
  border-style: solid;
  color: #eceff2;
  font-size: 10px;
  font-weight: 700;
  line-height: 1.4;
  line-height: 1.25;
  min-height: 20px;
  color: #001833;
  background-color: #eceff2;
  border-color: #eceff2;
  padding-left: 4px;
  padding-right: 4px;
  padding-top: 0px;
  padding-bottom: 0px;
  border-radius: 8px;
}

.c0 > svg {
  width: 12px;
  height: 12px;
}

<div
  className="c0"
  color="border.light"
  size="small"
/>
`;

exports[`Stamp renders small size 1`] = `
.c0 {
  display: -webkit-inline-box;
  display: -webkit-inline-flex;
  display: -ms-inline-flexbox;
  display: inline-flex;
  -webkit-align-items: center;
  -webkit-box-align: center;
  -ms-flex-align: center;
  align-items: center;
  vertical-align: top;
  min-height: 24px;
  text-transform: uppercase;
  -webkit-letter-spacing: 0.025em;
  -moz-letter-spacing: 0.025em;
  -ms-letter-spacing: 0.025em;
  letter-spacing: 0.025em;
  border-radius: 2px;
  border-width: 1px;
  border-style: solid;
  color: #eceff2;
  font-size: 10px;
  font-weight: 700;
  line-height: 1.4;
  line-height: 1.25;
  min-height: 20px;
  color: #eceff2;
  border-color: #c0cad5;
  background-color: #f4f6f8;
  padding-left: 4px;
  padding-right: 4px;
  padding-top: 0px;
  padding-bottom: 0px;
  border-radius: 8px;
}

.c0 > svg {
  width: 12px;
  height: 12px;
}

<div
  className="c0"
  color="border.light"
  size="small"
/>
`;
