// Jest Snapshot v1, https://goo.gl/fbAQLP

exports[`ModalHeader render 1`] = `
.c1 {
  background-color: #0a0;
  color: #fff;
  height: 40px;
  padding-left: 16px;
  padding-right: 16px;
}

.c5 {
  margin-left: auto;
}

.c2 {
  display: -webkit-box;
  display: -webkit-flex;
  display: -ms-flexbox;
  display: flex;
  -webkit-align-items: center;
  -webkit-box-align: center;
  -ms-flex-align: center;
  align-items: center;
}

.c3 {
  font-weight: 700;
  font-size: 14px;
  line-height: 16px;
}

.c10 {
  -webkit-flex: none;
  -ms-flex: none;
  flex: none;
  line-height: 1;
  width: md;
}

.c11 {
  outline: none;
}

.c6 {
  position: relative;
}

.c7 {
  all: unset;
  width: md;
  height: md;
  display: grid;
  place-items: center;
  border-radius: 100%;
  cursor: pointer;
  border-sizing: border-box;
  position: relative;
}

.c7:focus-visible {
  outline: 2px solid;
}

.c7:after {
  content: '';
  position: absolute;
  width: 48px;
  height: 48px;
  top: --12px;
  left: --12px;
}

.c9 {
  height: 125%;
  width: 125%;
  background: black;
  border-radius: 100%;
  mix-blend-mode: multiply;
  position: absolute;
  opacity: 0.15;
}

.c12 {
  width: 24px;
  z-index: 0;
  border-radius: 100%;
}

.c0 {
  font-family: 'Montserrat','Helvetica Neue',Helvetica,Arial,sans-serif;
  line-height: 1.4;
  font-weight: 500;
}

.c0 * {
  box-sizing: border-box;
}

.c4 {
  display: -webkit-box;
  display: -webkit-flex;
  display: -ms-flexbox;
  display: flex;
  -webkit-align-items: center;
  -webkit-box-align: center;
  -ms-flex-align: center;
  align-items: center;
}

.c8 {
  height: 24px;
  width: 24px;
}

.c8 svg {
  vertical-align: top;
}

.c8:focus {
  box-shadow: none;
  outline: none;
}

<div>
  <div
    class="c0"
  >
    <div
      class="c1 c2"
      color="text.lightest"
      height="40px"
    >
      <div
        class="c3 c4"
        font-size="14px"
        font-weight="700"
      >
        test
      </div>
      <div
        class="c5 c6"
      >
        <div
          class="c6"
        >
          <button
            class="c7 c8"
            title="close"
          >
            <div
              class="c9"
              style="will-change: transform; transform: scale(0);"
            />
            <svg
              aria-hidden="true"
              class="c10 c11 c12"
              fill="currentcolor"
              focusable="false"
              height="md"
              role="img"
              tabindex="-1"
              viewBox="0 0 24 24"
              width="md"
              xmlns="http://www.w3.org/2000/svg"
            >
              <path
                d="M19 6.4L17.6 5 12 10.6 6.4 5 5 6.4l5.6 5.6L5 17.6 6.4 19l5.6-5.6 5.6 5.6 1.4-1.4-5.6-5.6L19 6.4z"
              />
            </svg>
          </button>
        </div>
      </div>
    </div>
  </div>
</div>
`;

exports[`SmallModalHeader render 1`] = `
.c1 {
  background-color: #0a0;
  color: #0a0;
}

.c0 {
  font-family: 'Montserrat','Helvetica Neue',Helvetica,Arial,sans-serif;
  line-height: 1.4;
  font-weight: 500;
}

.c0 * {
  box-sizing: border-box;
}

.c2 {
  height: 8px;
}

<div>
  <div
    class="c0"
  >
    <div
      class="c1 c2"
      color="secondary.base"
    />
  </div>
</div>
`;
