// Jest Snapshot v1, https://goo.gl/fbAQLP

exports[`Flex renders 1`] = `
<DocumentFragment>
  .c0 {
  font-family: 'Montserrat','Helvetica Neue',Helvetica,Arial,sans-serif;
  line-height: 1.4;
  font-weight: 500;
}

.c0 * {
  box-sizing: border-box;
}

.c1 {
  display: -webkit-box;
  display: -webkit-flex;
  display: -ms-flexbox;
  display: flex;
}

<div
    class="c0"
  >
    <div
      class="c1"
    />
  </div>
</DocumentFragment>
`;
