// Jest Snapshot v1, https://goo.gl/fbAQLP

exports[`Select renders 1`] = `
.c3 {
  -webkit-flex: none;
  -ms-flex: none;
  flex: none;
  line-height: 1;
  color: #4f6f8f;
  width: 24px;
  margin-left: -32px;
}

.c4 {
  outline: none;
}

.c0 {
  width: 100%;
}

.c1 {
  display: -webkit-box;
  display: -webkit-flex;
  display: -ms-flexbox;
  display: flex;
  -webkit-align-items: center;
  -webkit-box-align: center;
  -ms-flex-align: center;
  align-items: center;
}

.c5 {
  pointer-events: none;
}

.c2 {
  -webkit-appearance: none;
  -moz-appearance: none;
  appearance: none;
  background-color: transparent;
  border-style: solid;
  border-width: 1px;
  border-radius: 12px;
  color: inherit;
  display: block;
  font-family: inherit;
  text-overflow: ellipsis;
  width: 100%;
  padding: 14px 32px 14px 12px;
  border-color: #c0cad5;
  font-size: 16px;
  margin: 0px;
}

.c2::-ms-expand {
  display: none;
}

.c2:hover {
  cursor: pointer;
}

.c2:disabled {
  background-color: #f4f6f8;
  color: #4f6f8f;
  cursor: not-allowed;
  opacity: 1;
}

.c2:disabled ~ svg {
  color: #4f6f8f;
}

.c2:focus {
  outline: 0;
  border-color: #0068ef;
  box-shadow: 0 0 0 2px #0068ef;
}

@media screen and (min-width:32em) {

}

@media screen and (min-width:40em) {
  .c2 {
    font-size: 14px;
  }
}

<div
  className="c0 c1"
  width={1}
>
  <select
    className="c2"
    fontSize={
      Array [
        2,
        null,
        1,
      ]
    }
    size="lg"
  />
  <svg
    aria-hidden={true}
    className="c3 c4 c5"
    color="text.light"
    fill="currentcolor"
    focusable={false}
    height={24}
    role="img"
    tabIndex={-1}
    viewBox="0 0 24 24"
    width={24}
    xmlns="http://www.w3.org/2000/svg"
  >
    <path
      d="M7.4 8l4.6 4.6L16.6 8 18 9.4l-6 6-6-6L7.4 8z"
    />
  </svg>
</div>
`;
